// Jest Snapshot v1, https://goo.gl/fbAQLP

exports[`Search Types should match snapshot 1`] = `
Object {
  "SET_SEARCH_NAME": "new value",
}
`;
